// Jest Snapshot v1, https://goo.gl/fbAQLP

exports[`Es hora de las instantaneas Shapshot 1`] = `
Object {
  "gender": "Male",
  "id": 1,
  "name": "Rick Sanches",
  "species": "Human",
  "status": "Alive",
}
`;

exports[`Es hora de las instantaneas Siempre fallara las instantaneas 1`] = `
Object {
  "createAt": 2021-09-09T02:50:03.514Z,
  "id": 6,
}
`;

exports[`Es hora de las instantaneas Tenemos una exception dentro del snapshot 1`] = `
Object {
  "id": Any<Number>,
  "name": "Rick",
}
`;
